[2m下午11:32:04[22m [31m[1m[vite][22m[39m Pre-transform error: Transform failed with 1 error:
C:/Users/user/Documents/app/mapping_star/src/lib/overpass.ts:276:0: ERROR: Unexpected "}"
[2m下午11:32:04[22m [31m[1m[vite][22m[39m [31mInternal server error: Transform failed with 1 error:
C:/Users/user/Documents/app/mapping_star/src/lib/overpass.ts:276:0: ERROR: Unexpected "}"[39m
  Plugin: [35mvite:esbuild[39m
  File: [36mC:/Users/user/Documents/app/mapping_star/src/lib/overpass.ts[39m:276:0
[33m  
  [33mUnexpected "}"[33m
  274|    categories: PoiCategory[]
  275|  ) => (await fetchPoisDetailed(center, radiusMeters, categories)).pois;
  276|  };
     |  ^
  277|  
  278|  export const overpassResultLimit = MAX_OVERPASS_RESULTS;
  [39m
      at failureErrorWithLog (C:\Users\user\Documents\app\mapping_star\node_modules\esbuild\lib\main.js:1472:15)
      at C:\Users\user\Documents\app\mapping_star\node_modules\esbuild\lib\main.js:755:50
      at responseCallbacks.<computed> (C:\Users\user\Documents\app\mapping_star\node_modules\esbuild\lib\main.js:622:9)
      at handleIncomingPacket (C:\Users\user\Documents\app\mapping_star\node_modules\esbuild\lib\main.js:677:12)
      at Socket.readFromStdout (C:\Users\user\Documents\app\mapping_star\node_modules\esbuild\lib\main.js:600:7)
      at Socket.emit (node:events:508:28)
      at addChunk (node:internal/streams/readable:563:12)
      at readableAddChunkPushByteMode (node:internal/streams/readable:514:3)
      at Readable.push (node:internal/streams/readable:394:5)
      at Pipe.onStreamRead (node:internal/stream_base_commons:189:23)
[2m下午11:32:04[22m [31m[1m[vite][22m[39m [31mInternal server error: Transform failed with 1 error:
C:/Users/user/Documents/app/mapping_star/src/lib/overpass.ts:276:0: ERROR: Unexpected "}"[39m
  Plugin: [35mvite:esbuild[39m
  File: [36mC:/Users/user/Documents/app/mapping_star/src/lib/overpass.ts[39m:276:0
[33m  
  [33mUnexpected "}"[33m
  274|    categories: PoiCategory[]
  275|  ) => (await fetchPoisDetailed(center, radiusMeters, categories)).pois;
  276|  };
     |  ^
  277|  
  278|  export const overpassResultLimit = MAX_OVERPASS_RESULTS;
  [39m
      at failureErrorWithLog (C:\Users\user\Documents\app\mapping_star\node_modules\esbuild\lib\main.js:1472:15)
      at C:\Users\user\Documents\app\mapping_star\node_modules\esbuild\lib\main.js:755:50
      at responseCallbacks.<computed> (C:\Users\user\Documents\app\mapping_star\node_modules\esbuild\lib\main.js:622:9)
      at handleIncomingPacket (C:\Users\user\Documents\app\mapping_star\node_modules\esbuild\lib\main.js:677:12)
      at Socket.readFromStdout (C:\Users\user\Documents\app\mapping_star\node_modules\esbuild\lib\main.js:600:7)
      at Socket.emit (node:events:508:28)
      at addChunk (node:internal/streams/readable:563:12)
      at readableAddChunkPushByteMode (node:internal/streams/readable:514:3)
      at Readable.push (node:internal/streams/readable:394:5)
      at Pipe.onStreamRead (node:internal/stream_base_commons:189:23)
[2m下午11:32:37[22m [31m[1m[vite][22m[39m Pre-transform error: Transform failed with 1 error:
C:/Users/user/Documents/app/mapping_star/src/lib/overpass.ts:276:0: ERROR: Unexpected "}"
[2m下午11:32:40[22m [31m[1m[vite][22m[39m Pre-transform error: Transform failed with 1 error:
C:/Users/user/Documents/app/mapping_star/src/lib/overpass.ts:276:0: ERROR: Unexpected "}"
[2m下午11:32:51[22m [31m[1m[vite][22m[39m Pre-transform error: Transform failed with 1 error:
C:/Users/user/Documents/app/mapping_star/src/lib/overpass.ts:276:0: ERROR: Unexpected "}"
[2m下午8:20:45[22m [31m[1m[vite][22m[39m Pre-transform error: Failed to load url /src/lib/magicCircle.ts (resolved id: C:/Users/user/Documents/app/mapping_star/src/lib/magicCircle.ts) in C:/Users/user/Documents/app/mapping_star/src/App.tsx. Does the file exist?
